\BOOKMARK [1][-]{section.1}{\376\377\225\356\230\230\200\314\146\157\116\016\221\315\217\360}{}% 1
\BOOKMARK [2][-]{subsection.1.1}{\376\377\225\356\230\230\200\314\146\157}{section.1}% 2
\BOOKMARK [2][-]{subsection.1.2}{\376\377\225\356\230\230\221\315\217\360}{section.1}% 3
\BOOKMARK [1][-]{section.2}{\376\377\152\041\127\213\120\107\213\276}{}% 4
\BOOKMARK [1][-]{section.3}{\376\377\173\046\123\367\213\364\146\016}{}% 5
\BOOKMARK [1][-]{section.4}{\376\377\225\356\230\230\122\006\147\220}{}% 6
\BOOKMARK [2][-]{subsection.4.1}{\376\377\225\356\230\230\116\000\122\006\147\220}{section.4}% 7
\BOOKMARK [2][-]{subsection.4.2}{\376\377\225\356\230\230\116\214\122\006\147\220}{section.4}% 8
\BOOKMARK [2][-]{subsection.4.3}{\376\377\225\356\230\230\116\011\122\006\147\220}{section.4}% 9
\BOOKMARK [2][-]{subsection.4.4}{\376\377\225\356\230\230\126\333\122\006\147\220}{section.4}% 10
\BOOKMARK [1][-]{section.5}{\376\377\225\356\230\230\116\000\166\204\152\041\127\213\116\016\154\102\211\343}{}% 11
\BOOKMARK [2][-]{subsection.5.1}{\376\377\123\125\153\041\211\302\155\113\166\204\123\112\136\163\227\142\210\150\171\072}{section.5}% 12
\BOOKMARK [2][-]{subsection.5.2}{\376\377\123\072\127\337\162\266\140\001\122\044\133\232\116\016\230\166\160\271\173\227\154\325}{section.5}% 13
\BOOKMARK [2][-]{subsection.5.3}{\376\377\133\232\117\115\123\072\127\337\166\364\137\204}{section.5}% 14
\BOOKMARK [2][-]{subsection.5.4}{\376\377\133\232\117\115\123\072\127\337\166\204\211\206\166\326}{section.5}% 15
\BOOKMARK [2][-]{subsection.5.5}{\376\377\117\335\213\301\156\005\226\144\122\044\143\156}{section.5}% 16
\BOOKMARK [2][-]{subsection.5.6}{\376\377\147\000\217\321\166\204\117\335\213\301\156\005\226\144\117\115\177\156}{section.5}% 17
\BOOKMARK [2][-]{subsection.5.7}{\376\377\145\160\120\074\154\102\211\343\116\016\176\323\147\234\122\006\147\220}{section.5}% 18
\BOOKMARK [3][-]{subsubsection.5.7.1}{\376\377\145\160\120\074\213\241\173\227\171\072\117\213}{subsection.5.7}% 19
\BOOKMARK [3][-]{subsubsection.5.7.2}{\376\377\173\227\154\325\166\204\145\160\120\074\150\070\232\214}{subsection.5.7}% 20
\BOOKMARK [3][-]{subsubsection.5.7.3}{\376\377\147\000\217\321\117\335\213\301\156\005\226\144\117\115\177\156\166\204\150\300\232\214}{subsection.5.7}% 21
\BOOKMARK [1][-]{section.6}{\376\377\225\356\230\230\116\214\166\204\152\041\127\213\116\016\154\102\211\343}{}% 22
\BOOKMARK [2][-]{subsection.6.1}{\376\377\121\306\131\007\135\345\117\134\377\032\165\061\211\302\155\113\117\341\140\157\147\204\220\040\133\232\117\115\123\072\127\337}{section.6}% 23
\BOOKMARK [2][-]{subsection.6.2}{\376\377\133\232\117\115\143\137\131\061\166\204\133\232\116\111}{section.6}% 24
\BOOKMARK [2][-]{subsection.6.3}{\376\377\127\372\116\216\215\035\123\366\145\257\146\364\145\260\166\204\123\315\231\210\230\204\155\113}{section.6}% 25
\BOOKMARK [3][-]{subsubsection.6.3.1}{\376\377\147\052\167\345\221\317\166\204\121\110\232\214\143\317\217\360}{subsection.6.3}% 26
\BOOKMARK [3][-]{subsubsection.6.3.2}{\376\377\231\226\153\041\211\302\155\113\124\016\166\204\151\202\163\207\146\364\145\260}{subsection.6.3}% 27
\BOOKMARK [3][-]{subsubsection.6.3.3}{\376\377\173\054\116\214\153\041\123\315\231\210\166\204\151\202\163\207\230\204\155\113}{subsection.6.3}% 28
\BOOKMARK [2][-]{subsection.6.4}{\376\377\133\232\117\115\145\110\147\234\166\204\176\374\124\010\213\304\116\367\116\016\220\011\160\271\121\263\173\126}{section.6}% 29
\BOOKMARK [2][-]{subsection.6.5}{\376\377\165\061\147\103\221\315\123\330\123\026\170\156\133\232\120\031\220\011\123\072\127\337}{section.6}% 30
\BOOKMARK [2][-]{subsection.6.6}{\376\377\145\160\120\074\154\102\211\343\145\271\154\325}{section.6}% 31
\BOOKMARK [2][-]{subsection.6.7}{\376\377\154\102\211\343\176\323\147\234\116\016\173\054\116\214\150\300\155\113\160\271\166\204\220\011\142\351}{section.6}% 32
\BOOKMARK [3][-]{subsubsection.6.7.1}{\376\377\116\015\124\014\231\226\153\041\211\302\155\113\116\013\166\204\121\170\127\213\176\323\147\234}{subsection.6.7}% 33
\BOOKMARK [3][-]{subsubsection.6.7.2}{\376\377\231\226\153\041\117\115\116\216\123\237\160\271\060\001\171\072\124\021\153\143\116\034\145\366\166\204\147\103\221\315\153\324\217\203}{subsection.6.7}% 34
\BOOKMARK [1][-]{section.7}{\376\377\225\356\230\230\116\011\166\204\152\041\127\213\116\016\154\102\211\343}{}% 35
\BOOKMARK [2][-]{subsection.7.1}{\376\377\116\316\123\125\156\220\133\232\117\115\122\060\144\034\175\042\116\016\156\005\226\144\123\117\124\014}{section.7}% 36
\BOOKMARK [3][-]{subsubsection.7.1.1}{\376\377\116\316\145\207\163\056\220\011\160\271\122\060\131\032\156\220\116\373\122\241\133\211\143\222}{subsection.7.1}% 37
\BOOKMARK [2][-]{subsection.7.2}{\376\377\165\061\211\302\155\113\176\246\147\137\122\060\123\357\227\140\156\005\226\144}{section.7}% 38
\BOOKMARK [3][-]{subsubsection.7.2.1}{\376\377\207\215\124\010\155\113\124\021\060\001\143\245\145\066\116\016\156\005\226\144\123\315\231\210}{subsection.7.2}% 39
\BOOKMARK [3][-]{subsubsection.7.2.2}{\376\377\150\071\143\156\123\072\127\337\134\072\136\246\220\011\142\351\210\114\122\250}{subsection.7.2}% 40
\BOOKMARK [2][-]{subsection.7.3}{\376\377\116\345\220\020\230\221\220\123\211\206\166\326\117\335\213\301\144\034\175\042\133\214\145\164}{section.7}% 41
\BOOKMARK [2][-]{subsection.7.4}{\376\377\200\124\124\010\133\211\143\222\142\153\143\317\116\016\166\356\150\007\131\004\164\006\116\373\122\241}{section.7}% 42
\BOOKMARK [2][-]{subsection.7.5}{\376\377\176\347\176\355\155\113\124\021\116\016\143\320\122\115\213\325\156\005\166\204\134\100\220\350\145\366\225\364\153\324\217\203}{section.7}% 43
\BOOKMARK [2][-]{subsection.7.6}{\376\377\155\113\213\325\176\323\147\234\116\016\173\126\165\145\122\006\147\220}{section.7}% 44
\BOOKMARK [3][-]{subsubsection.7.6.1}{\376\377\116\316\127\372\176\277\177\072\226\167\122\060\133\236\226\105\145\366\225\364\145\066\166\312}{subsection.7.6}% 45
\BOOKMARK [3][-]{subsubsection.7.6.2}{\376\377\116\011\153\041\153\143\137\017\155\113\213\325\213\260\137\125}{subsection.7.6}% 46
\BOOKMARK [3][-]{subsubsection.7.6.3}{\376\377\124\014\116\000\127\072\146\157\116\013\377\014\145\366\225\364\146\057\140\016\150\067\202\202\167\001\166\204}{subsection.7.6}% 47
\BOOKMARK [1][-]{section.8}{\376\377\225\356\230\230\126\333\166\204\152\041\127\213\116\016\154\102\211\343}{}% 48
\BOOKMARK [2][-]{subsection.8.1}{\376\377\225\356\230\230\123\330\123\026\116\016\145\207\163\056\145\271\154\325\166\204\220\002\165\050\217\271\165\114}{section.8}% 49
\BOOKMARK [2][-]{subsection.8.2}{\376\377\116\316\145\207\163\056\127\372\176\277\060\001\173\200\155\001\145\347\162\110\122\060\147\054\145\207\173\126\165\145}{section.8}% 50
\BOOKMARK [2][-]{subsection.8.3}{\376\377\121\110\117\335\213\301\123\321\163\260\377\032\147\035\124\021\234\201\150\322\166\204\144\034\175\042\211\206\166\326}{section.8}% 51
\BOOKMARK [2][-]{subsection.8.4}{\376\377\121\215\122\051\165\050\131\061\200\124\377\032\117\115\177\156\060\001\123\112\137\204\116\016\147\035\124\021\166\204\200\124\124\010\210\301\122\152}{section.8}% 52
\BOOKMARK [2][-]{subsection.8.5}{\376\377\134\006\146\364\145\260\166\204\117\341\140\157\217\154\123\026\116\072\210\114\122\250\116\016\123\357\227\140\156\005\226\144}{section.8}% 53
\BOOKMARK [2][-]{subsection.8.6}{\376\377\133\371\161\147\157\024\176\303\116\016\124\014\127\072\146\157\147\072\122\066\150\300\232\214}{section.8}% 54
\BOOKMARK [3][-]{subsubsection.8.6.1}{\376\377\116\011\116\052\173\126\165\145\124\004\000\040\0003\0000\000\040\153\041\133\230\145\271\157\024\176\303}{subsection.8.6}% 55
\BOOKMARK [3][-]{subsubsection.8.6.2}{\376\377\124\014\116\000\127\072\146\157\116\013\377\014\145\366\225\364\172\166\172\337\167\001\127\050\124\352\221\314}{subsection.8.6}% 56
\BOOKMARK [2][-]{subsection.8.7}{\376\377\153\143\137\017\155\113\232\214\176\323\147\234}{section.8}% 57
\BOOKMARK [1][-]{section.9}{\376\377\152\041\127\213\150\300\232\214}{}% 58
\BOOKMARK [2][-]{subsection.9.1}{\376\377\121\340\117\125\213\241\173\227\116\016\133\214\142\020\117\235\143\156\166\204\150\070\232\214}{section.9}% 59
\BOOKMARK [2][-]{subsection.9.2}{\376\377\145\164\127\072\210\150\163\260\116\016\213\301\143\156\203\003\126\364}{section.9}% 60
\BOOKMARK [1][-]{section.10}{\376\377\152\041\127\213\213\304\116\367\116\016\143\250\136\177}{}% 61
\BOOKMARK [2][-]{subsection.10.1}{\376\377\152\041\127\213\166\204\117\030\160\271}{section.10}% 62
\BOOKMARK [2][-]{subsection.10.2}{\376\377\152\041\127\213\166\204\134\100\226\120\140\047}{section.10}% 63
\BOOKMARK [2][-]{subsection.10.3}{\376\377\152\041\127\213\166\204\143\250\136\177}{section.10}% 64
