a0_b0 grid 0 / 3433 elapsed 0.7
a0_b0 grid 1000 / 3433 elapsed 3.0
a0_b0 grid 2000 / 3433 elapsed 6.6
a0_b0 grid 3000 / 3433 elapsed 9.8
a0_b0 weight 0 coarse best 1.2537832364624901 elapsed 13.3
a0_b0 weight 0.05 coarse best 1.2272120771878885 elapsed 15.5
a0_b0 weight 0.1 coarse best 1.199658068684297 elapsed 17.8
a0_b0 weight 0.2 coarse best 1.1422085785200484 elapsed 20.0
a0_b0 weight 0.35 coarse best 1.0512465492408516 elapsed 22.0
a0_b0 weight 0.5 coarse best 0.9551830513989095 elapsed 23.9
a0_b0 weight 0.65 coarse best 0.8540425408871789 elapsed 25.8
a0_b0 weight 0.8 coarse best 0.7473736394172206 elapsed 27.6
a0_b0 weight 0.9 coarse best 0.6726860846153025 elapsed 29.6
a0_b0 weight 0.95 coarse best 0.6340409400946054 elapsed 31.3
a0_b0 weight 1 coarse best 0.594320444689409 elapsed 33.5
a0_b0 refined 0 q 906.617 572.789 J 25.075722 P 0.266218
a0_b0 refined 0.05 q 895.786 562.29 J 25.086229 P 0.287677
a0_b0 refined 0.1 q 885.869 554.026 J 25.112451 P 0.304023
a0_b0 refined 0.2 q 867.443 541.793 J 25.197035 P 0.328364
a0_b0 refined 0.35 q 840.921 529.584 J 25.391245 P 0.354197
a0_b0 refined 0.5 q 813.83 521.018 J 25.674542 P 0.373361
a0_b0 refined 0.65 q 785.07 513.09 J 26.076024 P 0.388135
a0_b0 refined 0.8 q 754.029 502.359 J 26.6506 P 0.398915
a0_b0 refined 0.9 q 731.423 490.731 J 27.195618 P 0.403658
a0_b0 refined 0.95 q 719.103 482.248 J 27.556361 P 0.405105
a0_b0 refined 1 q 705.539 470.668 J 28.024489 P 0.40568
DONE a0_b0 7798 evaluations 51.6 seconds
a1200_b30 grid 0 / 2667 elapsed 0.2
a1200_b30 grid 1000 / 2667 elapsed 2.4
a1200_b30 grid 2000 / 2667 elapsed 6.4
a1200_b30 weight 0 coarse best 0.61439850939933 elapsed 8.9
a1200_b30 weight 0.05 coarse best 0.5836785839293634 elapsed 9.3
a1200_b30 weight 0.1 coarse best 0.552958658459397 elapsed 9.3
a1200_b30 weight 0.2 coarse best 0.49151880751946403 elapsed 9.5
a1200_b30 weight 0.35 coarse best 0.3993590311095645 elapsed 9.5
a1200_b30 weight 0.5 coarse best 0.307199254699665 elapsed 9.5
a1200_b30 weight 0.65 coarse best 0.2150394782897655 elapsed 9.5
a1200_b30 weight 0.8 coarse best 0.12287970187986597 elapsed 9.5
a1200_b30 weight 0.9 coarse best 0.06143985093993298 elapsed 9.5
a1200_b30 weight 0.95 coarse best 0.03071992546996653 elapsed 9.5
a1200_b30 weight 1 coarse best 0.0 elapsed 10.5
a1200_b30 refined 0 q 458.353 275.448 J 12.287975 P 1.0
a1200_b30 refined 0.05 q 458.353 275.448 J 12.287975 P 1.0
a1200_b30 refined 0.1 q 458.353 275.448 J 12.287975 P 1.0
a1200_b30 refined 0.2 q 458.353 275.448 J 12.287975 P 1.0
a1200_b30 refined 0.35 q 458.353 275.448 J 12.287975 P 1.0
a1200_b30 refined 0.5 q 458.353 275.448 J 12.287975 P 1.0
a1200_b30 refined 0.65 q 458.353 275.448 J 12.287975 P 1.0
a1200_b30 refined 0.8 q 458.353 275.448 J 12.287975 P 1.0
a1200_b30 refined 0.9 q 458.353 275.448 J 12.287975 P 1.0
a1200_b30 refined 0.95 q 458.353 275.448 J 12.287975 P 1.0
a1200_b30 refined 1 q 458.462 275.515 J 12.287977 P 1.0
DONE a1200_b30 3361 evaluations 12.6 seconds
a1200_b90 grid 0 / 5650 elapsed 0.4
a1200_b90 grid 1000 / 5650 elapsed 2.4
a1200_b90 grid 2000 / 5650 elapsed 5.7
a1200_b90 grid 3000 / 5650 elapsed 9.9
a1200_b90 grid 4000 / 5650 elapsed 14.0
a1200_b90 grid 5000 / 5650 elapsed 17.3
a1200_b90 weight 0 coarse best 1.18703604464981 elapsed 21.1
a1200_b90 weight 0.05 coarse best 1.160370414233084 elapsed 23.4
a1200_b90 weight 0.1 coarse best 1.1331787563968454 elapsed 25.7
a1200_b90 weight 0.2 coarse best 1.0774615184988665 elapsed 27.8
a1200_b90 weight 0.35 coarse best 0.9909606343419781 elapsed 30.3
a1200_b90 weight 0.5 coarse best 0.9011511510755825 elapsed 32.0
a1200_b90 weight 0.65 coarse best 0.8079372654408681 elapsed 34.0
a1200_b90 weight 0.8 coarse best 0.7108614255444744 elapsed 35.8
a1200_b90 weight 0.9 coarse best 0.6437416401909861 elapsed 37.5
a1200_b90 weight 0.95 coarse best 0.6093549579174112 elapsed 39.1
a1200_b90 weight 1 coarse best 0.574327929862888 elapsed 41.2
a1200_b90 refined 0 q 874.459 540.888 J 23.740719 P 0.340365
a1200_b90 refined 0.05 q 865.96 533.395 J 23.746256 P 0.351537
a1200_b90 refined 0.1 q 858.047 527.509 J 23.760764 P 0.360556
a1200_b90 refined 0.2 q 843.104 518.826 J 23.810531 P 0.374799
a1200_b90 refined 0.35 q 821.042 510.183 J 23.933495 P 0.391077
a1200_b90 refined 0.5 q 798.134 504.282 J 24.121412 P 0.403768
a1200_b90 refined 0.65 q 773.676 499.007 J 24.392544 P 0.413742
a1200_b90 refined 0.8 q 746.191 491.89 J 24.794496 P 0.421354
a1200_b90 refined 0.9 q 727.229 484.225 J 25.148428 P 0.424445
a1200_b90 refined 0.95 q 717.122 478.781 J 25.370015 P 0.425337
a1200_b90 refined 1 q 706.323 471.63 J 25.638859 P 0.425672
DONE a1200_b90 9983 evaluations 61.3 seconds
a1200_b150 grid 0 / 6495 elapsed 0.8
a1200_b150 grid 1000 / 6495 elapsed 2.6
a1200_b150 grid 2000 / 6495 elapsed 5.6
a1200_b150 grid 3000 / 6495 elapsed 9.4
a1200_b150 grid 4000 / 6495 elapsed 13.5
a1200_b150 grid 5000 / 6495 elapsed 17.1
a1200_b150 grid 6000 / 6495 elapsed 19.9
a1200_b150 weight 0 coarse best 1.2537832364624901 elapsed 23.4
a1200_b150 weight 0.05 coarse best 1.2272120774166426 elapsed 25.6
a1200_b150 weight 0.1 coarse best 1.1996580684567777 elapsed 27.7
a1200_b150 weight 0.2 coarse best 1.1422085783230342 elapsed 29.9
a1200_b150 weight 0.35 coarse best 1.0512465020833603 elapsed 32.0
a1200_b150 weight 0.5 coarse best 0.955183050787556 elapsed 34.0
a1200_b150 weight 0.65 coarse best 0.8540425407629015 elapsed 35.9
a1200_b150 weight 0.8 coarse best 0.7473736394964946 elapsed 37.6
a1200_b150 weight 0.9 coarse best 0.6726860846153025 elapsed 39.5
a1200_b150 weight 0.95 coarse best 0.6340409400946054 elapsed 41.3
a1200_b150 weight 1 coarse best 0.5943204444100201 elapsed 43.4
a1200_b150 refined 0 q 906.617 572.789 J 25.075722 P 0.266218
a1200_b150 refined 0.05 q 895.791 -562.285 J 25.086226 P 0.287674
a1200_b150 refined 0.1 q 885.866 554.03 J 25.112454 P 0.304024
a1200_b150 refined 0.2 q 867.441 541.785 J 25.197059 P 0.328369
a1200_b150 refined 0.35 q 840.915 529.589 J 25.391275 P 0.3542
a1200_b150 refined 0.5 q 813.826 -521.019 J 25.674587 P 0.373363
a1200_b150 refined 0.65 q 785.067 -513.098 J 26.076021 P 0.388135
a1200_b150 refined 0.8 q 754.023 -502.361 J 26.650686 P 0.398917
a1200_b150 refined 0.9 q 731.423 490.731 J 27.195618 P 0.403658
a1200_b150 refined 0.95 q 719.109 -482.254 J 27.556169 P 0.405105
a1200_b150 refined 1 q 705.533 -470.673 J 28.024564 P 0.40568
DONE a1200_b150 10820 evaluations 59.8 seconds
a1700_b0 grid 0 / 1462 elapsed 0.4
a1700_b0 grid 1000 / 1462 elapsed 2.7
a1700_b0 weight 0 coarse best 0.093909530120286 elapsed 4.4
a1700_b0 weight 0.05 coarse best 0.08921405361427204 elapsed 4.9
a1700_b0 weight 0.1 coarse best 0.0845185771082581 elapsed 4.9
a1700_b0 weight 0.2 coarse best 0.07512762409623021 elapsed 4.9
a1700_b0 weight 0.35 coarse best 0.061041194578188344 elapsed 4.9
a1700_b0 weight 0.5 coarse best 0.046954765060146494 elapsed 4.9
a1700_b0 weight 0.65 coarse best 0.032868335542104644 elapsed 4.9
a1700_b0 weight 0.8 coarse best 0.01878190602406279 elapsed 4.9
a1700_b0 weight 0.9 coarse best 0.009390953012034893 elapsed 4.9
a1700_b0 weight 0.95 coarse best 0.004695476506020949 elapsed 4.9
a1700_b0 weight 1 coarse best 0.0 elapsed 5.7
a1700_b0 refined 0 q 70.098 41.964 J 1.87819 P 1.0
a1700_b0 refined 0.05 q 70.098 41.964 J 1.87819 P 1.0
a1700_b0 refined 0.1 q 70.098 41.964 J 1.87819 P 1.0
a1700_b0 refined 0.2 q 70.098 41.964 J 1.87819 P 1.0
a1700_b0 refined 0.35 q 70.098 41.964 J 1.87819 P 1.0
a1700_b0 refined 0.5 q 70.098 41.964 J 1.87819 P 1.0
a1700_b0 refined 0.65 q 70.098 41.964 J 1.87819 P 1.0
a1700_b0 refined 0.8 q 70.098 41.964 J 1.87819 P 1.0
a1700_b0 refined 0.9 q 70.098 41.964 J 1.87819 P 1.0
a1700_b0 refined 0.95 q 70.098 41.964 J 1.87819 P 1.0
a1700_b0 refined 1 q 71.5 43.035 J 1.879871 P 1.0
DONE a1700_b0 1943 evaluations 7.0 seconds
{"case": "a1780_b0", "a": 1780, "beta_deg": 0.0, "status": "no_second_detection_needed", "rho1": 7.50467955027488, "clear_center_global": [1792.5034106812989, -4.4086956307865e-13], "weights": [0, 0.05, 0.1, 0.2, 0.35, 0.5, 0.65, 0.8, 0.9, 0.95, 1], "candidates": []}
论文算例复算完成： /Users/hanqimo/University/Junior/CUMCM/cumcm-2026-team/正式题目工作区/B题/第一二问完整数值求解_论文最新版/outputs/paper_recomputed
